( (Right (delay (\x -> delay (\y -> 0))))
, ({ tally: ({ BDelay causes ({ cpu: 12
| mem: 10
})
| BStartup causes ({ cpu: 344234
| mem: 0
})})
| budget: ({ cpu: 344246
| mem: 10
})
}) )