( (Right (1))
, ({ tally: ({ BForce causes [  ({ cpu: 1
| mem: 1
})
|   ({ cpu: 1
| mem: 1
})
|   ({ cpu: 1
| mem: 1
})
|   ({ cpu: 1
| mem: 1
})
|   ({ cpu: 1
| mem: 1
})
|   ({ cpu: 1
| mem: 1
})]
| BApply causes [  ({ cpu: 1
| mem: 1
})
|   ({ cpu: 1
| mem: 1
})
|   ({ cpu: 1
| mem: 1
})
|   ({ cpu: 1
| mem: 1
})
|   ({ cpu: 1
| mem: 1
})
|   ({ cpu: 1
| mem: 1
})
|   ({ cpu: 1
| mem: 1
})
|   ({ cpu: 1
| mem: 1
})
|   ({ cpu: 1
| mem: 1
})
|   ({ cpu: 1
| mem: 1
})
|   ({ cpu: 1
| mem: 1
})
|   ({ cpu: 1
| mem: 1
})
|   ({ cpu: 1
| mem: 1
})
|   ({ cpu: 1
| mem: 1
})
|   ({ cpu: 1
| mem: 1
})
|   ({ cpu: 1
| mem: 1
})
|   ({ cpu: 1
| mem: 1
})
|   ({ cpu: 1
| mem: 1
})]
| BLamAbs causes [  ({ cpu: 1
| mem: 1
})
|   ({ cpu: 1
| mem: 1
})
|   ({ cpu: 1
| mem: 1
})
|   ({ cpu: 1
| mem: 1
})
|   ({ cpu: 1
| mem: 1
})
|   ({ cpu: 1
| mem: 1
})
|   ({ cpu: 1
| mem: 1
})
|   ({ cpu: 1
| mem: 1
})
|   ({ cpu: 1
| mem: 1
})
|   ({ cpu: 1
| mem: 1
})
|   ({ cpu: 1
| mem: 1
})
|   ({ cpu: 1
| mem: 1
})
|   ({ cpu: 1
| mem: 1
})
|   ({ cpu: 1
| mem: 1
})]
| BBuiltin LessThanEqInteger causes [  ({ cpu: 5
| mem: 1
})]
| BVar causes [  ({ cpu: 1
| mem: 1
})
|   ({ cpu: 1
| mem: 1
})
|   ({ cpu: 1
| mem: 1
})
|   ({ cpu: 1
| mem: 1
})
|   ({ cpu: 1
| mem: 1
})
|   ({ cpu: 1
| mem: 1
})
|   ({ cpu: 1
| mem: 1
})
|   ({ cpu: 1
| mem: 1
})
|   ({ cpu: 1
| mem: 1
})
|   ({ cpu: 1
| mem: 1
})
|   ({ cpu: 1
| mem: 1
})
|   ({ cpu: 1
| mem: 1
})
|   ({ cpu: 1
| mem: 1
})]
| BBuiltin IfThenElse causes [  ({ cpu: 1
| mem: 1
})]
| BDelay causes [  ({ cpu: 1
| mem: 1
})
|   ({ cpu: 1
| mem: 1
})
|   ({ cpu: 1
| mem: 1
})
|   ({ cpu: 1
| mem: 1
})
|   ({ cpu: 1
| mem: 1
})]
| BAST causes [  ({ cpu: 0
| mem: 112
})]})
| budget: ({ cpu: 62
| mem: 170
})
}) )