( (Right (delay (delay (delay (\z -> \f -> z)))))
, ({ tally: ({ BDelay causes [  ({ cpu: 1
| mem: 1
})]
| BAST causes [  ({ cpu: 0
| mem: 9
})]})
| budget: ({ cpu: 1
| mem: 10
})
}) )