( (Right (delay (\ru -> force ru ru)))
, ({ tally: ({ BDelay causes ({ cpu: 80000
| mem: 10
})
| BStartup causes ({ cpu: 7000000
| mem: 0
})})
| budget: ({ cpu: 7080000
| mem: 10
})
}) )