( (Right (delay (delay (\f -> \z -> z))))
, ({ tally: ({ BDelay causes [  ({ cpu: 1
| mem: 1
})]
| BAST causes [  ({ cpu: 0
| mem: 8
})]})
| budget: ({ cpu: 1
| mem: 9
})
}) )