( (Right (delay (delay (delay (\xs -> \ys -> delay (\f -> \z -> force xs (delay (force f)) (force ys f z)))))))
, ({ tally: ({ BDelay causes [  ({ cpu: 1
| mem: 1
})]
| BAST causes [  ({ cpu: 0
| mem: 34
})]})
| budget: ({ cpu: 1
| mem: 35
})
}) )