( (Right (delay (delay (\x -> \xs -> delay (\f -> \z -> force f x xs)))))
, ({ tally: ({ BDelay causes [  ({ cpu: 1
| mem: 1
})]
| BAST causes [  ({ cpu: 0
| mem: 22
})]})
| budget: ({ cpu: 1
| mem: 23
})
}) )