( (Right (delay (delay (\f -> \z -> z))))
, ({ tally: ({ BDelay causes ({ cpu: 12
| mem: 10
})
| BStartup causes ({ cpu: 344234
| mem: 0
})})
| budget: ({ cpu: 344246
| mem: 10
})
}) )