( (Right (delay (delay (\xs -> force xs (delay (\x -> \xs' -> x)) ()))))
, ({ tally: ({ BDelay causes ({ cpu: 12
| mem: 10
})
| BStartup causes ({ cpu: 344234
| mem: 0
})})
| budget: ({ cpu: 344246
| mem: 10
})
}) )