( (Right (delay (\x -> delay (\y -> 0))))
, ({ tally: ({ BDelay causes [  ({ cpu: 1
| mem: 1
})]
| BAST causes [  ({ cpu: 0
| mem: 7
})]})
| budget: ({ cpu: 1
| mem: 8
})
}) )