( (Right (delay (delay (\xs -> force xs (delay (\x -> \xs' -> x)) ()))))
, ({ tally: ({ BDelay causes [  ({ cpu: 1
| mem: 1
})]
| BAST causes [  ({ cpu: 0
| mem: 20
})]})
| budget: ({ cpu: 1
| mem: 21
})
}) )