( (Right (delay (delay (delay (\f -> \z -> force (force (force (force (delay (delay (\f -> force (delay (\s -> s s)) (\s -> \x -> f (force (delay (\s -> s s)) s) x))))) (\rec -> \u -> delay (delay (\f' -> \xs -> force xs z (\x -> \y -> \xs' -> f' x y (force (force (rec ())) (\y' -> \x' -> f' x' y') xs'))))) ())))))))
, ({ tally: ({ BDelay causes ({ cpu: 80000
| mem: 10
})
| BStartup causes ({ cpu: 7000000
| mem: 0
})})
| budget: ({ cpu: 7080000
| mem: 10
})
}) )