( (Right (delay (delay (\x -> \y -> \xs -> delay (\z -> \f -> f x y xs)))))
, ({ tally: ({ BDelay causes ({ cpu: 12
| mem: 10
})
| BStartup causes ({ cpu: 344234
| mem: 0
})})
| budget: ({ cpu: 344246
| mem: 10
})
}) )