( (Right (delay (\z -> \f -> f (delay (\z -> \f -> f (delay (\z -> \f -> f (delay (\z -> \f -> f (delay (\z -> \f -> f (delay (\z -> \f -> f (delay (\z -> \f -> f (delay (\z -> \f -> f (delay (\z -> \f -> f (delay (\z -> \f -> f (delay (\z -> \f -> z)))))))))))))))))))))))
, ({ tally: ({ BConst causes ({ cpu: 36
| mem: 30
})
| BVar causes ({ cpu: 1800
| mem: 1500
})
| BLamAbs causes ({ cpu: 1320
| mem: 1100
})
| BApply causes ({ cpu: 1716
| mem: 1430
})
| BDelay causes ({ cpu: 516
| mem: 430
})
| BForce causes ({ cpu: 408
| mem: 340
})
| BBuiltin causes ({ cpu: 36
| mem: 30
})
| BBuiltinApp IfThenElse causes ({ cpu: 30000
| mem: 30000
})
| BStartup causes ({ cpu: 344234
| mem: 0
})})
| budget: ({ cpu: 380066
| mem: 34860
})
}) )