( (Right (delay (\z -> \f -> f (delay (\z -> \f -> f (delay (\z -> \f -> f (delay (\z -> \f -> f (delay (\z -> \f -> f (delay (\z -> \f -> f (delay (\z -> \f -> f (delay (\z -> \f -> f (delay (\z -> \f -> f (delay (\z -> \f -> f (delay (\z -> \f -> z)))))))))))))))))))))))
, ({ tally: ({ BConst causes ({ cpu: 48
| mem: 40
})
| BVar causes ({ cpu: 1812
| mem: 1510
})
| BLamAbs causes ({ cpu: 1344
| mem: 1120
})
| BApply causes ({ cpu: 1764
| mem: 1470
})
| BDelay causes ({ cpu: 516
| mem: 430
})
| BForce causes ({ cpu: 420
| mem: 350
})
| BBuiltin causes ({ cpu: 48
| mem: 40
})
| BBuiltinApp IfThenElse causes ({ cpu: 40000
| mem: 40000
})
| BStartup causes ({ cpu: 344234
| mem: 0
})})
| budget: ({ cpu: 390186
| mem: 44960
})
}) )