( (Right (1))
, ({ tally: ({ BTyInst causes [  ({ cpu: 1
| mem: 1
})
|   ({ cpu: 1
| mem: 1
})
|   ({ cpu: 1
| mem: 1
})
|   ({ cpu: 1
| mem: 1
})
|   ({ cpu: 1
| mem: 1
})
|   ({ cpu: 1
| mem: 1
})]
| BApply causes [  ({ cpu: 1
| mem: 1
})
|   ({ cpu: 1
| mem: 1
})
|   ({ cpu: 1
| mem: 1
})
|   ({ cpu: 1
| mem: 1
})
|   ({ cpu: 1
| mem: 1
})
|   ({ cpu: 1
| mem: 1
})
|   ({ cpu: 1
| mem: 1
})
|   ({ cpu: 1
| mem: 1
})
|   ({ cpu: 1
| mem: 1
})
|   ({ cpu: 1
| mem: 1
})
|   ({ cpu: 1
| mem: 1
})
|   ({ cpu: 1
| mem: 1
})
|   ({ cpu: 1
| mem: 1
})
|   ({ cpu: 1
| mem: 1
})
|   ({ cpu: 1
| mem: 1
})
|   ({ cpu: 1
| mem: 1
})
|   ({ cpu: 1
| mem: 1
})
|   ({ cpu: 1
| mem: 1
})]
| BVar causes [  ({ cpu: 1
| mem: 1
})
|   ({ cpu: 1
| mem: 1
})
|   ({ cpu: 1
| mem: 1
})
|   ({ cpu: 1
| mem: 1
})
|   ({ cpu: 1
| mem: 1
})
|   ({ cpu: 1
| mem: 1
})
|   ({ cpu: 1
| mem: 1
})
|   ({ cpu: 1
| mem: 1
})
|   ({ cpu: 1
| mem: 1
})
|   ({ cpu: 1
| mem: 1
})
|   ({ cpu: 1
| mem: 1
})
|   ({ cpu: 1
| mem: 1
})
|   ({ cpu: 1
| mem: 1
})]
| BBuiltin LessThanEqInteger causes [  ({ cpu: 5
| mem: 1
})]
| BIWrap causes [  ({ cpu: 1
| mem: 1
})]
| BBuiltin IfThenElse causes [  ({ cpu: 1
| mem: 1
})]
| BUnwrap causes [  ({ cpu: 1
| mem: 1
})
|   ({ cpu: 1
| mem: 1
})]
| BAST causes [  ({ cpu: 0
| mem: 193
})]})
| budget: ({ cpu: 46
| mem: 235
})
}) )