( (Right (delay (\z -> \f -> f (delay (\z -> \f -> f (delay (\z -> \f -> f (delay (\z -> \f -> f (delay (\z -> \f -> f (delay (\z -> \f -> f (delay (\z -> \f -> f (delay (\z -> \f -> f (delay (\z -> \f -> f (delay (\z -> \f -> f (delay (\z -> \f -> z)))))))))))))))))))))))
, ({ tally: ({ BVar causes ({ cpu: 1680
| mem: 1400
})
| BLamAbs causes ({ cpu: 1128
| mem: 940
})
| BApply causes ({ cpu: 1464
| mem: 1220
})
| BDelay causes ({ cpu: 444
| mem: 370
})
| BForce causes ({ cpu: 312
| mem: 260
})
| BStartup causes ({ cpu: 344234
| mem: 0
})})
| budget: ({ cpu: 349262
| mem: 4190
})
}) )