( (Right (delay (\z -> \f -> f (delay (\z -> \f -> f (delay (\z -> \f -> f (delay (\z -> \f -> f (delay (\z -> \f -> f (delay (\z -> \f -> f (delay (\z -> \f -> f (delay (\z -> \f -> f (delay (\z -> \f -> f (delay (\z -> \f -> f (delay (\z -> \f -> z)))))))))))))))))))))))
, ({ tally: ({ BVar causes ({ cpu: 1680
| mem: 1400
})
| BLamAbs causes ({ cpu: 1128
| mem: 940
})
| BApply causes ({ cpu: 1500
| mem: 1250
})
| BDelay causes ({ cpu: 444
| mem: 370
})
| BForce causes ({ cpu: 348
| mem: 290
})
| BBuiltin causes ({ cpu: 36
| mem: 30
})
| BBuiltinApp Id causes ({ cpu: 3
| mem: 0
})
| BStartup causes ({ cpu: 344234
| mem: 0
})})
| budget: ({ cpu: 349373
| mem: 4280
})
}) )