( (Right (2))
, ({ tally: ({ BConst causes ({ cpu: 180
| mem: 150
})
| BVar causes ({ cpu: 708
| mem: 590
})
| BLamAbs causes ({ cpu: 552
| mem: 460
})
| BApply causes ({ cpu: 1032
| mem: 860
})
| BDelay causes ({ cpu: 156
| mem: 130
})
| BForce causes ({ cpu: 216
| mem: 180
})
| BBuiltin causes ({ cpu: 192
| mem: 160
})
| BBuiltinApp AddInteger causes ({ cpu: 5028
| mem: 40000
})
| BBuiltinApp SubtractInteger causes ({ cpu: 9928
| mem: 80000
})
| BBuiltinApp LessThanEqInteger causes ({ cpu: 11960
| mem: 50000
})
| BBuiltinApp IfThenElse causes ({ cpu: 50000
| mem: 50000
})
| BStartup causes ({ cpu: 344234
| mem: 0
})})
| budget: ({ cpu: 424186
| mem: 222530
})
}) )